avocado_organic.csv
Date,AveragePrice,Total Volume,Total Bags,Small Bags,Large Bags,XLarge Bags,type,year,region
2015-01-04,1.82,2288.44,796.67,796.67,0.0,0.0,organic,2015,MiamiFtLauderdale
2015-01-11,1.85,1614.56,473.33,473.33,0.0,0.0,organic,2015,MiamiFtLauderdale
2015-01-18,1.87,1459.37,386.67,386.67,0.0,0.0,organic,2015,MiamiFtLauderdale
2015-01-25,1.84,1648.84,530.0,530.0,0.0,0.0,organic,2015,MiamiFtLauderdale
2015-02-01,1.73,1767.3,923.33,923.33,0.0,0.0,organic,2015,MiamiFtLauderdale
2015-02-08,1.72,2118.66,1173.33,1173.33,0.0,0.0,organic,2015,MiamiFtLauderdale
2015-02-15,1.75,1791.51,880.0,880.0,0.0,0.0,organic,2015,MiamiFtLauderdale
2015-02-22,1.92,1386.85,226.66,223.33,3.33,0.0,organic,2015,MiamiFtLauderdale
2015-03-01,1.75,2035.58,1000.0,1000.0,0.0,0.0,organic,2015,MiamiFtLauderdale
2015-03-08,1.69,2708.59,1633.33,1633.33,0.0,0.0,organic,2015,MiamiFtLauderdale
2015-03-15,1.73,2478.0,1333.33,1333.33,0.0,0.0,organic,2015,MiamiFtLauderdale
2015-03-22,1.82,1755.09,601.26,590.0,11.26,0.0,organic,2015,MiamiFtLauderdale
2015-03-29,1.83,2723.62,869.34,849.67,19.67,0.0,organic,2015,MiamiFtLauderdale
2015-04-05,1.86,1702.0,447.34,447.34,0.0,0.0,organic,2015,MiamiFtLauderdale
2015-04-12,1.81,1877.52,386.2,386.2,0.0,0.0,organic,2015,MiamiFtLauderdale
2015-04-19,1.61,2879.62,1504.11,1498.53,5.58,0.0,organic,2015,MiamiFtLauderdale
2015-04-26,1.25,6631.49,294.48,294.48,0.0,0.0,organic,2015,MiamiFtLauderdale
2015-05-03,1.35,4770.93,1509.36,1509.36,0.0,0.0,organic,2015,MiamiFtLauderdale
2015-05-10,1.77,2184.05,781.66,759.62,22.04,0.0,organic,2015,MiamiFtLauderdale
2015-05-17,1.79,2141.08,841.23,827.49,13.74,0.0,organic,2015,MiamiFtLauderdale
2015-05-24,1.77,1811.7,759.6,751.37,8.23,0.0,organic,2015,MiamiFtLauderdale
2015-05-31,1.72,2578.53,1393.7,1393.7,0.0,0.0,organic,2015,MiamiFtLauderdale
2015-06-07,1.75,2094.36,988.99,988.99,0.0,0.0,organic,2015,MiamiFtLauderdale
2015-06-14,1.81,2017.29,724.91,724.91,0.0,0.0,organic,2015,MiamiFtLauderdale
2015-06-21,1.92,1415.1,161.47,161.47,0.0,0.0,organic,2015,MiamiFtLauderdale
2015-06-28,1.86,1627.96,436.67,436.67,0.0,0.0,organic,2015,MiamiFtLauderdale
2015-07-05,1.88,1766.19,840.0,840.0,0.0,0.0,organic,2015,MiamiFtLauderdale
2015-07-12,1.56,1751.57,1663.91,1663.91,0.0,0.0,organic,2015,MiamiFtLauderdale
2015-07-19,1.45,792.97,786.67,786.67,0.0,0.0,organic,2015,MiamiFtLauderdale
2015-07-26,1.48,571.4,559.99,556.66,3.33,0.0,organic,2015,MiamiFtLauderdale
2015-08-02,1.51,1015.04,993.33,993.33,0.0,0.0,organic,2015,MiamiFtLauderdale
2015-08-09,1.5,1359.19,1343.33,1343.33,0.0,0.0,organic,2015,MiamiFtLauderdale
2015-08-16,1.51,1164.87,1136.67,1136.67,0.0,0.0,organic,2015,MiamiFtLauderdale
2015-08-23,1.5,1059.21,1050.0,1050.0,0.0,0.0,organic,2015,MiamiFtLauderdale
2015-08-30,1.47,1358.02,1339.92,1339.92,0.0,0.0,organic,2015,MiamiFtLauderdale
2015-09-06,1.47,1962.43,1952.22,1952.22,0.0,0.0,organic,2015,MiamiFtLauderdale
2015-09-13,1.43,1005.8,989.6,989.6,0.0,0.0,organic,2015,MiamiFtLauderdale
2015-09-20,1.47,1843.74,1817.25,1817.25,0.0,0.0,organic,2015,MiamiFtLauderdale
2015-09-27,1.5,821.99,808.06,808.06,0.0,0.0,organic,2015,MiamiFtLauderdale
2015-10-04,1.5,1584.01,1571.4,1571.4,0.0,0.0,organic,2015,MiamiFtLauderdale
2015-10-11,1.51,1780.24,1763.33,1763.33,0.0,0.0,organic,2015,MiamiFtLauderdale
2015-10-18,1.51,901.53,880.0,880.0,0.0,0.0,organic,2015,MiamiFtLauderdale
2015-10-25,1.5,1484.89,1473.33,1473.33,0.0,0.0,organic,2015,MiamiFtLauderdale
2015-11-01,1.5,1955.27,1950.0,1946.67,3.33,0.0,organic,2015,MiamiFtLauderdale
2015-11-08,1.59,84.56,76.66,73.33,3.33,0.0,organic,2015,MiamiFtLauderdale
2015-11-15,1.44,2707.87,2702.93,2696.26,6.67,0.0,organic,2015,MiamiFtLauderdale
2015-11-22,1.11,657.96,645.47,642.14,3.33,0.0,organic,2015,MiamiFtLauderdale
2015-11-29,1.51,1203.52,1184.27,1184.27,0.0,0.0,organic,2015,MiamiFtLauderdale
2015-12-06,1.49,1054.07,1050.47,1043.8,6.67,0.0,organic,2015,MiamiFtLauderdale
2015-12-13,1.5,1366.32,1345.68,1345.68,0.0,0.0,organic,2015,MiamiFtLauderdale
2015-12-20,1.5,1563.02,1527.12,1527.12,0.0,0.0,organic,2015,MiamiFtLauderdale
2015-12-27,1.57,1155.71,1016.67,1016.67,0.0,0.0,organic,2015,MiamiFtLauderdale
2016-01-03,1.24,15211.54,7932.98,4887.58,3045.4,0.0,organic,2016,MiamiFtLauderdale
2016-01-10,1.52,4664.6,2564.18,1341.37,1222.81,0.0,organic,2016,MiamiFtLauderdale
2016-01-17,1.49,2528.26,1618.79,1613.05,5.74,0.0,organic,2016,MiamiFtLauderdale
2016-01-24,1.42,3020.48,2167.53,2167.53,0.0,0.0,organic,2016,MiamiFtLauderdale
2016-01-31,1.54,1844.79,1040.43,1040.43,0.0,0.0,organic,2016,MiamiFtLauderdale
2016-02-07,1.44,3152.51,2190.0,2186.67,3.33,0.0,organic,2016,MiamiFtLauderdale
2016-02-14,1.45,3336.03,2256.66,2253.33,3.33,0.0,organic,2016,MiamiFtLauderdale
2016-02-21,1.4,2774.54,2045.48,2042.15,3.33,0.0,organic,2016,MiamiFtLauderdale
2016-02-28,1.51,2199.14,1341.93,1305.26,36.67,0.0,organic,2016,MiamiFtLauderdale
2016-03-06,1.49,2403.4,1415.07,1401.74,13.33,0.0,organic,2016,MiamiFtLauderdale
2016-03-13,1.3,3678.06,2733.45,2726.78,6.67,0.0,organic,2016,MiamiFtLauderdale
2016-03-20,1.33,3445.84,2390.0,2390.0,0.0,0.0,organic,2016,MiamiFtLauderdale
2016-03-27,1.33,3982.06,2777.57,2777.57,0.0,0.0,organic,2016,MiamiFtLauderdale
2016-04-03,1.32,4136.14,2927.08,2923.75,3.33,0.0,organic,2016,MiamiFtLauderdale
2016-04-10,1.33,4177.97,2942.44,2939.11,3.33,0.0,organic,2016,MiamiFtLauderdale
2016-04-17,1.57,2548.55,1464.1,1464.1,0.0,0.0,organic,2016,MiamiFtLauderdale
2016-04-24,1.39,6498.57,5052.03,5048.7,3.33,0.0,organic,2016,MiamiFtLauderdale
2016-05-01,1.43,4107.48,3433.33,3430.0,3.33,0.0,organic,2016,MiamiFtLauderdale
2016-05-08,1.48,4317.01,3370.0,3363.33,6.67,0.0,organic,2016,MiamiFtLauderdale
2016-05-15,1.42,6346.82,5554.93,5548.26,6.67,0.0,organic,2016,MiamiFtLauderdale
2016-05-22,1.4,5366.43,4490.0,4486.67,3.33,0.0,organic,2016,MiamiFtLauderdale
2016-05-29,1.27,5931.42,5063.33,5043.33,20.0,0.0,organic,2016,MiamiFtLauderdale
2016-06-05,1.29,4859.13,3900.0,3880.0,20.0,0.0,organic,2016,MiamiFtLauderdale
2016-06-12,1.3,4524.0,3549.99,3536.66,13.33,0.0,organic,2016,MiamiFtLauderdale
2016-06-19,1.29,5180.22,4154.53,4144.53,10.0,0.0,organic,2016,MiamiFtLauderdale
2016-06-26,1.39,4836.08,3246.67,3226.67,20.0,0.0,organic,2016,MiamiFtLauderdale
2016-07-03,1.24,6525.8,5361.03,5321.03,40.0,0.0,organic,2016,MiamiFtLauderdale
2016-07-10,1.49,4918.83,3666.8,3616.8,50.0,0.0,organic,2016,MiamiFtLauderdale
2016-07-17,1.33,4714.49,4180.01,4153.34,26.67,0.0,organic,2016,MiamiFtLauderdale
2016-07-24,1.19,6019.75,6006.67,5980.0,26.67,0.0,organic,2016,MiamiFtLauderdale
2016-07-31,1.22,4361.66,4336.67,4260.0,76.67,0.0,organic,2016,MiamiFtLauderdale
2016-08-07,1.33,3513.86,3496.66,3433.33,63.33,0.0,organic,2016,MiamiFtLauderdale
2016-08-14,1.34,6720.9,6673.33,6613.33,60.0,0.0,organic,2016,MiamiFtLauderdale
2016-08-21,1.34,5381.19,5320.0,5260.0,60.0,0.0,organic,2016,MiamiFtLauderdale
2016-08-28,1.36,3603.58,3526.67,3496.67,30.0,0.0,organic,2016,MiamiFtLauderdale
2016-09-04,1.36,6149.19,6040.0,5986.67,53.33,0.0,organic,2016,MiamiFtLauderdale
2016-09-11,1.36,3994.86,3916.67,3893.34,23.33,0.0,organic,2016,MiamiFtLauderdale
2016-09-18,1.36,3632.29,3576.66,3533.33,43.33,0.0,organic,2016,MiamiFtLauderdale
2016-09-25,1.43,1041.31,1004.44,987.77,16.67,0.0,organic,2016,MiamiFtLauderdale
2016-10-02,1.49,472.82,443.33,440.0,3.33,0.0,organic,2016,MiamiFtLauderdale
2016-10-09,1.45,1613.43,1570.0,1566.67,3.33,0.0,organic,2016,MiamiFtLauderdale
2016-10-16,1.52,991.33,941.11,941.11,0.0,0.0,organic,2016,MiamiFtLauderdale
2016-10-23,1.58,542.85,453.33,450.0,3.33,0.0,organic,2016,MiamiFtLauderdale
2016-10-30,1.58,385.55,330.0,330.0,0.0,0.0,organic,2016,MiamiFtLauderdale
2016-11-06,1.64,3297.5,3256.66,3243.33,13.33,0.0,organic,2016,MiamiFtLauderdale
2016-11-13,1.55,3847.1,3826.67,3800.0,26.67,0.0,organic,2016,MiamiFtLauderdale
2016-11-20,1.6,2157.46,2133.34,2113.34,20.0,0.0,organic,2016,MiamiFtLauderdale
2016-11-27,1.6,2084.95,2066.67,2036.67,30.0,0.0,organic,2016,MiamiFtLauderdale
2015-01-04,2.01,3397.0,1072.67,993.94,78.73,0.0,organic,2015,RaleighGreensboro
2015-01-11,1.98,3862.72,1200.59,1195.75,4.84,0.0,organic,2015,RaleighGreensboro
2015-01-18,1.97,3496.27,1014.61,925.39,89.22,0.0,organic,2015,RaleighGreensboro
2015-01-25,2.02,3359.58,721.86,620.46,101.4,0.0,organic,2015,RaleighGreensboro
2015-02-01,1.79,4385.19,1344.93,1330.43,14.5,0.0,organic,2015,RaleighGreensboro
2015-02-08,1.73,5749.75,2720.44,2635.69,84.75,0.0,organic,2015,RaleighGreensboro
2015-02-15,1.69,4322.52,1717.49,1690.1,27.39,0.0,organic,2015,RaleighGreensboro
2015-02-22,1.77,3990.91,1068.58,1003.61,64.97,0.0,organic,2015,RaleighGreensboro
2015-03-01,1.73,5491.23,1932.77,1814.69,118.08,0.0,organic,2015,RaleighGreensboro
2015-03-08,1.74,6539.55,2963.09,2947.28,15.81,0.0,organic,2015,RaleighGreensboro
2015-03-15,1.87,3851.7,570.31,550.86,19.45,0.0,organic,2015,RaleighGreensboro
2015-03-22,1.85,4249.61,646.36,485.59,160.77,0.0,organic,2015,RaleighGreensboro
2015-03-29,1.78,5373.53,1379.43,1363.5,15.93,0.0,organic,2015,RaleighGreensboro
2015-04-05,1.96,4859.09,1235.9,1086.58,149.32,0.0,organic,2015,RaleighGreensboro
2015-04-12,1.67,6453.51,1807.36,1011.65,795.71,0.0,organic,2015,RaleighGreensboro
2015-04-19,1.68,7895.99,2311.79,2248.97,62.82,0.0,organic,2015,RaleighGreensboro
2015-04-26,1.51,8109.67,2646.24,1748.63,897.61,0.0,organic,2015,RaleighGreensboro
2015-05-03,1.35,11843.43,3793.55,2261.83,1531.72,0.0,organic,2015,RaleighGreensboro
2015-05-10,1.32,10626.54,3920.48,1981.96,1938.52,0.0,organic,2015,RaleighGreensboro
2015-05-17,1.15,17956.34,2760.02,2118.11,641.91,0.0,organic,2015,RaleighGreensboro
2015-05-24,1.36,10570.74,3306.07,1933.68,1372.39,0.0,organic,2015,RaleighGreensboro
2015-05-31,1.6,9214.37,2507.04,2150.81,356.23,0.0,organic,2015,RaleighGreensboro
2015-06-07,1.66,7277.02,3436.67,2473.82,962.85,0.0,organic,2015,RaleighGreensboro
2015-06-14,1.75,6913.18,2774.79,2179.92,594.87,0.0,organic,2015,RaleighGreensboro
2015-06-21,1.83,5444.87,1368.3,1007.8,360.5,0.0,organic,2015,RaleighGreensboro
2015-06-28,1.8,5676.88,1932.23,1451.44,480.79,0.0,organic,2015,RaleighGreensboro
2015-07-05,1.82,6774.43,2660.36,2200.97,459.39,0.0,organic,2015,RaleighGreensboro
2015-07-12,1.77,6764.37,2987.76,2357.79,629.97,0.0,organic,2015,RaleighGreensboro
2015-07-19,1.76,6069.35,2485.6,1873.03,612.57,0.0,organic,2015,RaleighGreensboro
2015-07-26,1.77,6381.57,2615.27,1918.31,696.96,0.0,organic,2015,RaleighGreensboro
2015-08-02,1.86,6466.04,2666.45,2588.48,77.97,0.0,organic,2015,RaleighGreensboro
2015-08-09,1.82,7429.61,2477.75,2344.6,133.15,0.0,organic,2015,RaleighGreensboro
2015-08-16,1.9,6123.23,2322.26,2151.8,170.46,0.0,organic,2015,RaleighGreensboro
2015-08-23,1.92,6846.72,2604.06,2335.43,268.63,0.0,organic,2015,RaleighGreensboro
2015-08-30,1.94,6106.73,2210.84,2132.13,78.71,0.0,organic,2015,RaleighGreensboro
2015-09-06,1.95,5552.08,1952.19,1931.19,21.0,0.0,organic,2015,RaleighGreensboro
2015-09-13,1.94,5345.41,1762.85,1762.85,0.0,0.0,organic,2015,RaleighGreensboro
2015-09-20,1.86,5430.92,2490.46,2490.46,0.0,0.0,organic,2015,RaleighGreensboro
2015-09-27,1.81,6250.05,3038.42,2796.4,242.02,0.0,organic,2015,RaleighGreensboro
2015-10-04,1.76,5592.18,2469.16,2062.84,406.32,0.0,organic,2015,RaleighGreensboro
2015-10-11,1.59,6683.43,3328.6,2405.52,923.08,0.0,organic,2015,RaleighGreensboro
2015-10-18,1.73,5627.1,2379.47,2241.87,137.6,0.0,organic,2015,RaleighGreensboro
2015-10-25,1.78,5657.77,2150.49,2102.2,48.29,0.0,organic,2015,RaleighGreensboro
2015-11-01,1.65,5676.99,2643.2,2156.74,486.46,0.0,organic,2015,RaleighGreensboro
2015-11-08,1.75,4292.52,1524.54,1357.91,166.63,0.0,organic,2015,RaleighGreensboro
2015-11-15,1.77,4301.53,1695.22,1567.31,127.91,0.0,organic,2015,RaleighGreensboro
2015-11-22,1.79,4163.25,1325.78,1302.93,22.85,0.0,organic,2015,RaleighGreensboro
2015-11-29,1.78,3817.84,1322.84,1172.56,150.28,0.0,organic,2015,RaleighGreensboro
2015-12-06,1.82,3494.91,831.76,798.35,33.41,0.0,organic,2015,RaleighGreensboro
2015-12-13,1.81,3270.51,617.35,570.0,47.35,0.0,organic,2015,RaleighGreensboro
2015-12-20,1.77,4400.55,1350.0,1350.0,0.0,0.0,organic,2015,RaleighGreensboro
2015-12-27,1.74,3905.44,1275.33,1116.34,158.99,0.0,organic,2015,RaleighGreensboro
2016-01-03,1.68,4884.82,1749.76,1386.15,363.61,0.0,organic,2016,RaleighGreensboro
2016-01-10,1.59,6504.77,2777.4,2217.35,560.05,0.0,organic,2016,RaleighGreensboro
2016-01-17,1.66,4137.6,1464.78,1260.66,204.12,0.0,organic,2016,RaleighGreensboro
2016-01-24,1.59,5276.31,2510.84,2409.12,101.72,0.0,organic,2016,RaleighGreensboro
2016-01-31,1.56,5730.24,2462.96,1821.85,641.11,0.0,organic,2016,RaleighGreensboro
2016-02-07,1.54,5562.26,2210.29,1280.7,929.59,0.0,organic,2016,RaleighGreensboro
2016-02-14,1.59,4235.48,1666.67,1297.39,369.28,0.0,organic,2016,RaleighGreensboro
2016-02-21,1.76,3564.84,682.2,660.0,22.2,0.0,organic,2016,RaleighGreensboro
2016-02-28,1.71,4245.43,931.6,901.61,29.99,0.0,organic,2016,RaleighGreensboro
2016-03-06,1.79,3720.67,448.28,443.33,4.95,0.0,organic,2016,RaleighGreensboro
2016-03-13,1.54,5341.4,2151.51,1780.0,371.51,0.0,organic,2016,RaleighGreensboro
2016-03-20,1.42,5259.38,2043.82,1020.0,1023.82,0.0,organic,2016,RaleighGreensboro
2016-03-27,1.43,5902.81,2887.55,2230.0,657.55,0.0,organic,2016,RaleighGreensboro
2016-04-03,1.73,4879.21,1074.59,850.0,224.59,0.0,organic,2016,RaleighGreensboro
2016-04-10,1.33,7370.7,3985.66,3421.08,564.58,0.0,organic,2016,RaleighGreensboro
2016-04-17,1.49,6440.23,2948.79,2501.42,447.37,0.0,organic,2016,RaleighGreensboro
2016-04-24,1.61,5854.3,1891.06,1791.35,99.71,0.0,organic,2016,RaleighGreensboro
2016-05-01,1.59,6514.47,2116.41,1923.15,193.26,0.0,organic,2016,RaleighGreensboro
2016-05-08,1.65,6930.97,2273.06,2044.82,228.24,0.0,organic,2016,RaleighGreensboro
2016-05-15,1.66,6628.06,2025.22,1946.67,78.55,0.0,organic,2016,RaleighGreensboro
2016-05-22,1.33,8390.24,4748.18,3330.0,1418.18,0.0,organic,2016,RaleighGreensboro
2016-05-29,1.8,8580.11,4266.46,3765.03,501.43,0.0,organic,2016,RaleighGreensboro
2016-06-05,1.58,10195.92,5309.03,4237.68,1071.35,0.0,organic,2016,RaleighGreensboro
2016-06-12,1.7,9781.95,5406.7,4380.13,1026.57,0.0,organic,2016,RaleighGreensboro
2016-06-19,1.78,8904.41,4835.56,4322.81,512.75,0.0,organic,2016,RaleighGreensboro
2016-06-26,1.72,9221.49,5131.6,4326.78,804.82,0.0,organic,2016,RaleighGreensboro
2016-07-03,1.88,9151.31,4957.57,4771.44,186.13,0.0,organic,2016,RaleighGreensboro
2016-07-10,1.87,10162.11,5467.68,5254.34,213.34,0.0,organic,2016,RaleighGreensboro
2016-07-17,1.76,12786.12,6456.44,5924.3,532.14,0.0,organic,2016,RaleighGreensboro
2016-07-24,1.72,15012.57,6371.87,5946.47,425.4,0.0,organic,2016,RaleighGreensboro
2016-07-31,1.68,15250.82,6646.53,6307.47,339.06,0.0,organic,2016,RaleighGreensboro
2016-08-07,1.65,15800.5,5111.4,3957.56,1153.84,0.0,organic,2016,RaleighGreensboro
2016-08-14,1.84,11554.22,5117.01,4511.11,605.9,0.0,organic,2016,RaleighGreensboro
2016-08-21,1.83,15042.9,8429.76,7972.64,457.12,0.0,organic,2016,RaleighGreensboro
2016-08-28,1.79,14753.18,8417.78,6859.91,1557.87,0.0,organic,2016,RaleighGreensboro
2016-09-04,1.83,14951.65,8542.86,7280.01,1262.85,0.0,organic,2016,RaleighGreensboro
2016-09-11,1.77,15909.84,9794.78,8919.3,875.48,0.0,organic,2016,RaleighGreensboro
2016-09-18,1.85,12131.33,6333.3,5827.18,506.12,0.0,organic,2016,RaleighGreensboro
2016-09-25,1.81,12807.68,7317.57,6302.22,1015.35,0.0,organic,2016,RaleighGreensboro
2016-10-02,1.87,10464.63,5078.45,4848.48,229.97,0.0,organic,2016,RaleighGreensboro
2016-10-09,1.65,14282.79,7318.95,6449.47,869.48,0.0,organic,2016,RaleighGreensboro
2016-10-16,1.69,13121.67,7029.2,6432.51,596.69,0.0,organic,2016,RaleighGreensboro
2016-10-23,1.69,14742.89,7710.74,6163.44,1547.3,0.0,organic,2016,RaleighGreensboro
2016-10-30,1.83,13196.5,6665.23,6482.54,182.69,0.0,organic,2016,RaleighGreensboro
2016-11-06,1.85,13651.72,9449.44,8399.24,1050.2,0.0,organic,2016,RaleighGreensboro
2016-11-13,1.85,10276.83,6659.43,5476.23,1183.2,0.0,organic,2016,RaleighGreensboro
2016-11-20,1.87,12021.69,8430.18,7327.79,1102.39,0.0,organic,2016,RaleighGreensboro
